// Jest Snapshot v1, https://goo.gl/fbAQLP

exports[`ErrorUnshared should match the snapshot 1`] = `
<Main
  className="u-pt-1-half"
>
  <ErrorShare
    errorType="public_album_unshared"
  />
</Main>
`;
