// Jest Snapshot v1, https://goo.gl/fbAQLP

exports[`Topbar should render the topbar for desktop 1`] = `
<div
  class="CozyTheme--light-normal u-dc"
>
  <div
    class="pho-content-header"
  >
    <div
      class="pho-content-album-previous"
      data-testid="pho-content-album-previous"
      role="button"
    />
    <h2
      class="pho-content-title"
      data-testid="pho-content-title"
    />
    <div
      router="[object Object]"
    >
       Child 
    </div>
  </div>
</div>
`;
